// Jest Snapshot v1, https://goo.gl/fbAQLP

exports[`modules/manager/terraform/lockfile/hash full walkthrough 1`] = `[]`;

exports[`modules/manager/terraform/lockfile/hash full walkthrough on terraform cloud 1`] = `[]`;

exports[`modules/manager/terraform/lockfile/hash full walkthrough without ziphashes available 1`] = `[]`;
